// Jest Snapshot v1, https://goo.gl/fbAQLP

exports[` * Pruebas sobre el Componente <TodoAdd />   - Debe de mostrar el componente correctamente 1`] = `
<Fragment>
  <h4>
     Agregar Tarea 
  </h4>
  <hr />
  <form
    onSubmit={[Function]}
  >
    <input
      autoComplete="off"
      className="form-control mb-3"
      name="description"
      onChange={[Function]}
      placeholder="Aprender..."
      type="text"
      value=""
    />
    <button
      className="btn btn-outline-primary form-control"
      type="submit"
    >
      Agregar
    </button>
  </form>
</Fragment>
`;
