// Jest Snapshot v1, https://goo.gl/fbAQLP

exports[` * Pruebas en <HookApp />  - Debe mostrar el componente correctamente 1`] = `
<div>
  <h1>
     Hola Mundo Hook 
  </h1>
</div>
`;
