// Jest Snapshot v1, https://goo.gl/fbAQLP

exports[` * Pruebas en el componente <LoginScreen />  - Debe de mostrarse correctamente 1`] = `
<div>
  <h1>
     Login Screen 
  </h1>
  <hr />
  <button
    className="btn btn-primary"
    onClick={[Function]}
  >
     Login 
  </button>
  <button
    className="btn btn-danger"
    onClick={[Function]}
  >
     LogOut 
  </button>
</div>
`;
