// Jest Snapshot v1, https://goo.gl/fbAQLP

exports[` * Pruebas en el componente <MultipleCustomHooks />   - Debe de mostrar el componente correctamente 1`] = `
<div>
  <h1>
     Breakin Bad Quotes 
  </h1>
  <hr />
  <div
    className="alert alert-info text-center"
  >
    Loading...
  </div>
  <button
    className="btn btn-primary"
    onClick={[Function]}
  >
     Siguiente Quote 
  </button>
</div>
`;
