// Jest Snapshot v1, https://goo.gl/fbAQLP

exports[` * Pruebas en el Componente <RealExampleRef />   - Debe de Mostrarse correctamente 1`] = `
<div>
  <h1>
     Real Example Ref 
  </h1>
  <button
    className="btn btn-primary mt-5"
    onClick={[Function]}
  >
    Show/Hide
  </button>
</div>
`;
